<!DOCTYPE html>
<html>
<head>
<meta charset="UTF-8">
<style>
.r1 {color: #f1fa8c; text-decoration-color: #f1fa8c; font-weight: bold}
body {
    color: #f8f8f2;
    background-color: #282a36;
}
</style>
</head>
<body>
    <pre style="font-family:Menlo,'DejaVu Sans Mono',consolas,'Courier New',monospace"><code style="font-family:inherit"><span class="r1"> • </span>foo
<span class="r1"> • </span>bar
</code></pre>
</body>
</html>
