<!DOCTYPE html>
<html>
<head>
<meta charset="UTF-8">
<style>
.r1 {color: #f8f8f2; text-decoration-color: #f8f8f2; background-color: #282a36}
body {
    color: #f8f8f2;
    background-color: #282a36;
}
</style>
</head>
<body>
    <pre style="font-family:Menlo,'DejaVu Sans Mono',consolas,'Courier New',monospace"><code style="font-family:inherit"><span class="r1">A paragraph must be left-aligned.</span>

<span class="r1">This is a different paragraph.</span>
</code></pre>
</body>
</html>
